exports[`test renders correctly 1`] = `
<ScrollView
  style={
    Object {
      "padding": 10,
    }
  }>
  <View>
    <Text
      accessible={true}
      allowFontScaling={true}
      ellipsizeMode="tail"
      style={
        Object {
          "color": "#911F27",
          "fontSize": 20,
          "fontWeight": "bold",
          "marginBottom": 7,
          "textDecorationLine": "underline",
        }
      }>
      Brew Date
    </Text>
    <Text
      accessible={true}
      allowFontScaling={true}
      ellipsizeMode="tail"
      style={
        Object {
          "color": "#630A10",
          "fontSize": 16,
          "marginBottom": 10,
        }
      }>
      November 10th 2016
    </Text>
  </View>
  <View>
    <Text
      accessible={true}
      allowFontScaling={true}
      ellipsizeMode="tail"
      style={
        Object {
          "color": "#911F27",
          "fontSize": 20,
          "fontWeight": "bold",
          "marginBottom": 7,
          "textDecorationLine": "underline",
        }
      }>
      Start Time
    </Text>
    <Text
      accessible={true}
      allowFontScaling={true}
      ellipsizeMode="tail"
      style={
        Object {
          "color": "#630A10",
          "fontSize": 16,
          "marginBottom": 10,
        }
      } />
  </View>
  <View>
    <Text
      accessible={true}
      allowFontScaling={true}
      ellipsizeMode="tail"
      style={
        Object {
          "color": "#911F27",
          "fontSize": 20,
          "fontWeight": "bold",
          "marginBottom": 7,
          "textDecorationLine": "underline",
        }
      }>
      Current weather
    </Text>
    <Text
      accessible={true}
      allowFontScaling={true}
      ellipsizeMode="tail"
      style={
        Object {
          "color": "#630A10",
          "fontSize": 16,
          "marginBottom": 10,
        }
      }>
       ÂºF
    </Text>
  </View>
  <View>
    <Text
      accessible={true}
      allowFontScaling={true}
      ellipsizeMode="tail"
      style={
        Object {
          "color": "#911F27",
          "fontSize": 20,
          "fontWeight": "bold",
          "marginBottom": 7,
          "textDecorationLine": "underline",
        }
      }>
      Mash/Steep Notes
    </Text>
    <Text
      accessible={true}
      allowFontScaling={true}
      ellipsizeMode="tail"
      style={
        Object {
          "color": "#630A10",
          "fontSize": 16,
          "marginBottom": 10,
        }
      } />
  </View>
  <View>
    <Text
      accessible={true}
      allowFontScaling={true}
      ellipsizeMode="tail"
      style={
        Object {
          "color": "#911F27",
          "fontSize": 20,
          "fontWeight": "bold",
          "marginBottom": 7,
          "textDecorationLine": "underline",
        }
      }>
      Boil Notes
    </Text>
    <Text
      accessible={true}
      allowFontScaling={true}
      ellipsizeMode="tail"
      style={
        Object {
          "color": "#630A10",
          "fontSize": 16,
          "marginBottom": 10,
        }
      } />
  </View>
  <View>
    <Text
      accessible={true}
      allowFontScaling={true}
      ellipsizeMode="tail"
      style={
        Object {
          "color": "#911F27",
          "fontSize": 20,
          "fontWeight": "bold",
          "marginBottom": 7,
          "textDecorationLine": "underline",
        }
      }>
      Post Boil Notes
    </Text>
    <Text
      accessible={true}
      allowFontScaling={true}
      ellipsizeMode="tail"
      style={
        Object {
          "color": "#630A10",
          "fontSize": 16,
          "marginBottom": 10,
        }
      } />
  </View>
  <View>
    <Text
      accessible={true}
      allowFontScaling={true}
      ellipsizeMode="tail"
      style={
        Object {
          "color": "#911F27",
          "fontSize": 20,
          "fontWeight": "bold",
          "marginBottom": 7,
          "textDecorationLine": "underline",
        }
      }>
      Original Gravity
    </Text>
    <Text
      accessible={true}
      allowFontScaling={true}
      ellipsizeMode="tail"
      style={
        Object {
          "color": "#630A10",
          "fontSize": 16,
          "marginBottom": 10,
        }
      } />
  </View>
</ScrollView>
`;
