exports[`test renders correctly 1`] = `
<View
  accessibilityComponentType={undefined}
  accessibilityLabel={undefined}
  accessibilityTraits={undefined}
  accessible={true}
  hitSlop={undefined}
  onLayout={undefined}
  onResponderGrant={[Function]}
  onResponderMove={[Function]}
  onResponderRelease={[Function]}
  onResponderTerminate={[Function]}
  onResponderTerminationRequest={[Function]}
  onStartShouldSetResponder={[Function]}
  style={
    Array [
      Object {
        "backgroundColor": "transparent",
      },
      undefined,
    ]
  }
  testID={undefined}>
  <View
    style={
      Object {
        "alignItems": "center",
        "backgroundColor": "#FCF0C8",
        "borderBottomWidth": 1,
        "borderColor": "#630A10",
        "flexDirection": "row",
        "justifyContent": "space-between",
        "marginBottom": 2,
        "padding": 10,
      }
    }>
    <View>
      <Text
        accessible={true}
        allowFontScaling={true}
        ellipsizeMode="tail"
        style={
          Object {
            "color": "#630A10",
            "fontSize": 20,
            "fontWeight": "bold",
          }
        } />
      <Text
        accessible={true}
        allowFontScaling={true}
        ellipsizeMode="tail"
        style={
          Object {
            "color": "#630A10",
          }
        } />
      <Text
        accessible={true}
        allowFontScaling={true}
        ellipsizeMode="tail"
        style={
          Object {
            "color": "#630A10",
          }
        }>
        November 10th 2016
      </Text>
    </View>
    <View>
      <Image
        source={1} />
    </View>
  </View>
</View>
`;
