exports[`test renders correctly 1`] = `
<ScrollView
  contentInset={
    Object {
      "bottom": 49,
    }
  }
  enableAutoAutomaticScroll={true}
  extraHeight={75}
  extraScrollHeight={0}
  keyboardDismissMode="interactive"
  onScroll={[Function]}
  scrollEventThrottle={8}
  showsVerticalScrollIndicator={true}
  style={
    Object {
      "backgroundColor": "#911F27",
      "flex": 1,
      "padding": 10,
    }
  }>
  <View>
    <View>
      <Text
        accessible={true}
        allowFontScaling={true}
        ellipsizeMode="tail"
        style={
          Object {
            "color": "#F7D098",
            "fontWeight": "bold",
            "marginBottom": 5,
          }
        }>
        Brew Date:
      </Text>
      <View
        accessibilityComponentType={undefined}
        accessibilityLabel={undefined}
        accessibilityTraits={undefined}
        accessible={true}
        hitSlop={undefined}
        onLayout={undefined}
        onResponderGrant={[Function]}
        onResponderMove={[Function]}
        onResponderRelease={[Function]}
        onResponderTerminate={[Function]}
        onResponderTerminationRequest={[Function]}
        onStartShouldSetResponder={[Function]}
        style={
          Object {
            "backgroundColor": "#FFF",
            "borderRadius": 5,
            "height": 30,
            "justifyContent": "center",
            "marginBottom": 5,
            "padding": 5,
          }
        }
        testID={undefined}>
        <Text
          accessible={true}
          allowFontScaling={true}
          ellipsizeMode="tail"
          style={
            Object {
              "color": "#630A10",
              "fontSize": 16,
            }
          }>
          April 28th 2013
        </Text>
      </View>
    </View>
    <View />
    <Text
      accessible={true}
      allowFontScaling={true}
      ellipsizeMode="tail"
      style={
        Object {
          "color": "#F7D098",
          "fontWeight": "bold",
          "marginBottom": 5,
        }
      }>
      (Click Date To Toggle Date Picker)
    </Text>
  </View>
  <View>
    <Text
      accessible={true}
      allowFontScaling={true}
      ellipsizeMode="tail"
      style={
        Object {
          "color": "#F7D098",
          "fontWeight": "bold",
          "marginBottom": 5,
        }
      }>
      Start Time:
    </Text>
    <TextInput
      keyboardType="numbers-and-punctuation"
      onChangeText={[Function]}
      placeholder="Start of brewing time"
      style={
        Object {
          "backgroundColor": "#FFF",
          "borderRadius": 5,
          "color": "#630A10",
          "height": 30,
          "marginBottom": 10,
          "paddingLeft": 5,
        }
      }
      value="" />
  </View>
  <View>
    <Text
      accessible={true}
      allowFontScaling={true}
      ellipsizeMode="tail"
      style={
        Object {
          "color": "#F7D098",
          "fontWeight": "bold",
          "marginBottom": 5,
        }
      }>
      Current Weather:
    </Text>
    <TextInput
      keyboardType="decimal-pad"
      onChangeText={[Function]}
      placeholder="Current temperature"
      style={
        Object {
          "backgroundColor": "#FFF",
          "borderRadius": 5,
          "color": "#630A10",
          "height": 30,
          "marginBottom": 10,
          "paddingLeft": 5,
        }
      }
      value="70" />
  </View>
  <View>
    <Text
      accessible={true}
      allowFontScaling={true}
      ellipsizeMode="tail"
      style={
        Object {
          "color": "#F7D098",
          "fontWeight": "bold",
          "marginBottom": 5,
        }
      }>
      Mash/Steep Notes:
    </Text>
    <TextInput
      multiline={true}
      onChangeText={[Function]}
      placeholder="Mash or steep notes (if any)"
      style={
        Object {
          "backgroundColor": "#FFF",
          "borderRadius": 5,
          "color": "#630A10",
          "fontSize": 16,
          "height": 100,
          "marginBottom": 10,
          "paddingLeft": 5,
        }
      }
      value="" />
  </View>
  <View>
    <Text
      accessible={true}
      allowFontScaling={true}
      ellipsizeMode="tail"
      style={
        Object {
          "color": "#F7D098",
          "fontWeight": "bold",
          "marginBottom": 5,
        }
      }>
      Boil Notes:
    </Text>
    <TextInput
      multiline={true}
      onChangeText={[Function]}
      placeholder="Add boil notes"
      style={
        Object {
          "backgroundColor": "#FFF",
          "borderRadius": 5,
          "color": "#630A10",
          "fontSize": 16,
          "height": 100,
          "marginBottom": 10,
          "paddingLeft": 5,
        }
      }
      value="" />
  </View>
  <View>
    <Text
      accessible={true}
      allowFontScaling={true}
      ellipsizeMode="tail"
      style={
        Object {
          "color": "#F7D098",
          "fontWeight": "bold",
          "marginBottom": 5,
        }
      }>
      Post Boil Notes:
    </Text>
    <TextInput
      multiline={true}
      onChangeText={[Function]}
      placeholder="Add post boil notes"
      style={
        Object {
          "backgroundColor": "#FFF",
          "borderRadius": 5,
          "color": "#630A10",
          "fontSize": 16,
          "height": 100,
          "marginBottom": 10,
          "paddingLeft": 5,
        }
      }
      value="" />
  </View>
  <View>
    <Text
      accessible={true}
      allowFontScaling={true}
      ellipsizeMode="tail"
      style={
        Object {
          "color": "#F7D098",
          "fontWeight": "bold",
          "marginBottom": 5,
        }
      }>
      Original Gravity:
    </Text>
    <TextInput
      keyboardType="decimal-pad"
      onChangeText={[Function]}
      placeholder="Original gravity ex. 1.065"
      style={
        Object {
          "backgroundColor": "#FFF",
          "borderRadius": 5,
          "color": "#630A10",
          "height": 30,
          "marginBottom": 10,
          "paddingLeft": 5,
        }
      }
      value="1.085" />
  </View>
  <View
    accessibilityComponentType={undefined}
    accessibilityLabel={undefined}
    accessibilityTraits={undefined}
    accessible={true}
    hitSlop={undefined}
    onLayout={undefined}
    onResponderGrant={[Function]}
    onResponderMove={[Function]}
    onResponderRelease={[Function]}
    onResponderTerminate={[Function]}
    onResponderTerminationRequest={[Function]}
    onStartShouldSetResponder={[Function]}
    style={
      Array [
        Object {
          "backgroundColor": "transparent",
        },
        undefined,
      ]
    }
    testID={undefined}>
    <View
      style={
        Object {
          "alignItems": "center",
          "alignSelf": "center",
          "backgroundColor": "#F7D098",
          "borderRadius": 5,
          "height": 30,
          "justifyContent": "center",
          "margin": 20,
          "width": 300,
        }
      }>
      <Text
        accessible={true}
        allowFontScaling={true}
        ellipsizeMode="tail"
        style={
          Object {
            "color": "#630A10",
            "fontSize": 16,
          }
        }>
        Submit
      </Text>
    </View>
  </View>
</ScrollView>
`;
