exports[`test renders correctly 1`] = `
<ScrollView
  contentInset={
    Object {
      "bottom": 49,
    }
  }
  enableAutoAutomaticScroll={true}
  extraHeight={75}
  extraScrollHeight={0}
  keyboardDismissMode="interactive"
  onScroll={[Function]}
  scrollEventThrottle={8}
  showsVerticalScrollIndicator={true}
  style={
    Object {
      "backgroundColor": "#911F27",
      "flex": 1,
      "padding": 10,
      "paddingTop": 0,
    }
  }>
  <View>
    <Text
      accessible={true}
      allowFontScaling={true}
      ellipsizeMode="tail"
      style={
        Object {
          "color": "#F7D098",
          "fontWeight": "bold",
          "marginBottom": 5,
        }
      }>
      Beer Name:
    </Text>
    <TextInput
      autoCapitalize="words"
      onChangeText={[Function]}
      placeholder="Beer Name"
      style={
        Object {
          "backgroundColor": "#FFF",
          "borderRadius": 5,
          "color": "#630A10",
          "height": 30,
          "marginBottom": 10,
          "paddingLeft": 5,
        }
      }
      value="Green Bomber" />
  </View>
  <View>
    <Text
      accessible={true}
      allowFontScaling={true}
      ellipsizeMode="tail"
      style={
        Object {
          "color": "#F7D098",
          "fontWeight": "bold",
          "marginBottom": 5,
        }
      }>
      Beer Type:
    </Text>
    <TextInput
      autoCapitalize="words"
      onChangeText={[Function]}
      placeholder="Beer Style"
      style={
        Object {
          "backgroundColor": "#FFF",
          "borderRadius": 5,
          "color": "#630A10",
          "height": 30,
          "marginBottom": 10,
          "paddingLeft": 5,
        }
      }
      value="Imperial IPA" />
  </View>
  <View>
    <Text
      accessible={true}
      allowFontScaling={true}
      ellipsizeMode="tail"
      style={
        Object {
          "color": "#F7D098",
          "fontWeight": "bold",
          "marginBottom": 5,
        }
      }>
      Ingredients:
    </Text>
    <TextInput
      multiline={true}
      onChangeText={[Function]}
      placeholder="Beer Style"
      style={
        Object {
          "backgroundColor": "#FFF",
          "borderRadius": 5,
          "color": "#630A10",
          "fontSize": 16,
          "height": 100,
          "marginBottom": 10,
          "paddingLeft": 5,
        }
      }
      value="adsfasdfasdfalskdjf;lsdjfkljalhsdkjfhaksjdhfkjasdhlajkhsdkljfhakjsdhfkjlahsdfkjahsldkjfhasdkjfhadskljfhllkajsdhfkjashfdkjhasdkjfhaksdjhfkjasdhalkjsdhfkjhasdlkjfhasdlkjfhakjsdhlkjajskdhfkljahsdkfjhasdkjhfkajdshfkjhadskjlfhkajsdhfkjahsdkjfhakjsdhfkjasdhfkjhasdkjfhaskjdhfkajsdhfkjhaskjdfhaskjdhfkjashfdkjhaskljdhakjsdhflkjadshlkfjhdklajfhaklsdjhfkjlashdklfjhasdkjfhakjsdhfkjasdhfkhaskjdhfkajshdfkjlasdh" />
  </View>
  <View>
    <Text
      accessible={true}
      allowFontScaling={true}
      ellipsizeMode="tail"
      style={
        Object {
          "color": "#F7D098",
          "fontWeight": "bold",
          "marginBottom": 5,
        }
      }>
      Water Notes:
    </Text>
    <TextInput
      multiline={true}
      onChangeText={[Function]}
      placeholder="Water Used"
      style={
        Object {
          "backgroundColor": "#FFF",
          "borderRadius": 5,
          "color": "#630A10",
          "height": 30,
          "marginBottom": 10,
          "paddingLeft": 5,
        }
      }
      value="" />
  </View>
  <View>
    <Text
      accessible={true}
      allowFontScaling={true}
      ellipsizeMode="tail"
      style={
        Object {
          "color": "#F7D098",
          "fontWeight": "bold",
          "marginBottom": 5,
        }
      }>
      Post Brew Ingredients:
    </Text>
    <TextInput
      multiline={true}
      onChangeText={[Function]}
      placeholder="Add post brew ingredients"
      style={
        Object {
          "backgroundColor": "#FFF",
          "borderRadius": 5,
          "color": "#630A10",
          "fontSize": 16,
          "height": 100,
          "marginBottom": 10,
          "paddingLeft": 5,
        }
      }
      value="" />
  </View>
  <View>
    <Text
      accessible={true}
      allowFontScaling={true}
      ellipsizeMode="tail"
      style={
        Object {
          "color": "#F7D098",
          "fontWeight": "bold",
          "marginBottom": 5,
        }
      }>
      Total Cost:
    </Text>
    <TextInput
      keyboardType="numbers-and-punctuation"
      onChangeText={[Function]}
      placeholder="Cost in Dollars"
      style={
        Object {
          "backgroundColor": "#FFF",
          "borderRadius": 5,
          "color": "#630A10",
          "height": 30,
          "marginBottom": 10,
          "paddingLeft": 5,
        }
      }
      value="$80.00" />
  </View>
  <View
    accessibilityComponentType={undefined}
    accessibilityLabel={undefined}
    accessibilityTraits={undefined}
    accessible={true}
    hitSlop={undefined}
    onLayout={undefined}
    onResponderGrant={[Function]}
    onResponderMove={[Function]}
    onResponderRelease={[Function]}
    onResponderTerminate={[Function]}
    onResponderTerminationRequest={[Function]}
    onStartShouldSetResponder={[Function]}
    style={
      Array [
        Object {
          "backgroundColor": "transparent",
        },
        undefined,
      ]
    }
    testID={undefined}>
    <View
      style={
        Object {
          "alignItems": "center",
          "alignSelf": "center",
          "backgroundColor": "#F7D098",
          "borderRadius": 5,
          "height": 30,
          "justifyContent": "center",
          "margin": 20,
          "width": 300,
        }
      }>
      <Text
        accessible={true}
        allowFontScaling={true}
        ellipsizeMode="tail"
        style={
          Object {
            "color": "#630A10",
            "fontSize": 16,
          }
        }>
        Submit
      </Text>
    </View>
  </View>
</ScrollView>
`;
