exports[`test renders correctly 1`] = `
<ScrollView
  style={
    Object {
      "padding": 10,
    }
  }>
  <View>
    <Text
      accessible={true}
      allowFontScaling={true}
      ellipsizeMode="tail"
      style={
        Object {
          "color": "#911F27",
          "fontSize": 20,
          "fontWeight": "bold",
          "marginBottom": 7,
          "textDecorationLine": "underline",
        }
      }>
      Beer Name
    </Text>
    <Text
      accessible={true}
      allowFontScaling={true}
      ellipsizeMode="tail"
      style={
        Object {
          "color": "#630A10",
          "fontSize": 16,
          "marginBottom": 10,
        }
      } />
  </View>
  <View>
    <Text
      accessible={true}
      allowFontScaling={true}
      ellipsizeMode="tail"
      style={
        Object {
          "color": "#911F27",
          "fontSize": 20,
          "fontWeight": "bold",
          "marginBottom": 7,
          "textDecorationLine": "underline",
        }
      }>
      Beer Type
    </Text>
    <Text
      accessible={true}
      allowFontScaling={true}
      ellipsizeMode="tail"
      style={
        Object {
          "color": "#630A10",
          "fontSize": 16,
          "marginBottom": 10,
        }
      } />
  </View>
  <View>
    <Text
      accessible={true}
      allowFontScaling={true}
      ellipsizeMode="tail"
      style={
        Object {
          "color": "#911F27",
          "fontSize": 20,
          "fontWeight": "bold",
          "marginBottom": 7,
          "textDecorationLine": "underline",
        }
      }>
      Ingredients
    </Text>
    <Text
      accessible={true}
      allowFontScaling={true}
      ellipsizeMode="tail"
      style={
        Object {
          "color": "#630A10",
          "fontSize": 16,
          "marginBottom": 10,
        }
      } />
  </View>
  <View>
    <Text
      accessible={true}
      allowFontScaling={true}
      ellipsizeMode="tail"
      style={
        Object {
          "color": "#911F27",
          "fontSize": 20,
          "fontWeight": "bold",
          "marginBottom": 7,
          "textDecorationLine": "underline",
        }
      }>
      Water Notes
    </Text>
    <Text
      accessible={true}
      allowFontScaling={true}
      ellipsizeMode="tail"
      style={
        Object {
          "color": "#630A10",
          "fontSize": 16,
          "marginBottom": 10,
        }
      } />
  </View>
  <View>
    <Text
      accessible={true}
      allowFontScaling={true}
      ellipsizeMode="tail"
      style={
        Object {
          "color": "#911F27",
          "fontSize": 20,
          "fontWeight": "bold",
          "marginBottom": 7,
          "textDecorationLine": "underline",
        }
      }>
      Post Brew Ingredients
    </Text>
    <Text
      accessible={true}
      allowFontScaling={true}
      ellipsizeMode="tail"
      style={
        Object {
          "color": "#630A10",
          "fontSize": 16,
          "marginBottom": 10,
        }
      } />
  </View>
  <View>
    <Text
      accessible={true}
      allowFontScaling={true}
      ellipsizeMode="tail"
      style={
        Object {
          "color": "#911F27",
          "fontSize": 20,
          "fontWeight": "bold",
          "marginBottom": 7,
          "textDecorationLine": "underline",
        }
      }>
      Total Cost
    </Text>
    <Text
      accessible={true}
      allowFontScaling={true}
      ellipsizeMode="tail"
      style={
        Object {
          "color": "#630A10",
          "fontSize": 16,
          "marginBottom": 10,
        }
      } />
  </View>
</ScrollView>
`;
